// Jest Snapshot v1, https://goo.gl/fbAQLP

exports[`<ConfirmationDialog /> Snapshots should not render a confirmation dialog when closed 1`] = `<div />`;
